------------------------------------------------------------
Timing Analyzer Summary
------------------------------------------------------------

Type  : Slow 1200mV 85C Model Setup 'clk'
Slack : -3.953
TNS   : -81.612

Type  : Slow 1200mV 85C Model Setup 'clkdiv:clkdiv1|clk_div'
Slack : -0.837
TNS   : -2.978

Type  : Slow 1200mV 85C Model Hold 'clkdiv:clkdiv1|clk_div'
Slack : 0.410
TNS   : 0.000

Type  : Slow 1200mV 85C Model Hold 'clk'
Slack : 0.656
TNS   : 0.000

Type  : Slow 1200mV 85C Model Minimum Pulse Width 'clk'
Slack : -3.000
TNS   : -75.944

Type  : Slow 1200mV 85C Model Minimum Pulse Width 'clkdiv:clkdiv1|clk_div'
Slack : -1.285
TNS   : -11.565

Type  : Slow 1200mV 0C Model Setup 'clk'
Slack : -3.577
TNS   : -69.045

Type  : Slow 1200mV 0C Model Setup 'clkdiv:clkdiv1|clk_div'
Slack : -0.648
TNS   : -1.938

Type  : Slow 1200mV 0C Model Hold 'clkdiv:clkdiv1|clk_div'
Slack : 0.366
TNS   : 0.000

Type  : Slow 1200mV 0C Model Hold 'clk'
Slack : 0.600
TNS   : 0.000

Type  : Slow 1200mV 0C Model Minimum Pulse Width 'clk'
Slack : -3.000
TNS   : -75.592

Type  : Slow 1200mV 0C Model Minimum Pulse Width 'clkdiv:clkdiv1|clk_div'
Slack : -1.285
TNS   : -11.565

Type  : Fast 1200mV 0C Model Setup 'clk'
Slack : -1.481
TNS   : -18.200

Type  : Fast 1200mV 0C Model Setup 'clkdiv:clkdiv1|clk_div'
Slack : 0.111
TNS   : 0.000

Type  : Fast 1200mV 0C Model Hold 'clkdiv:clkdiv1|clk_div'
Slack : 0.184
TNS   : 0.000

Type  : Fast 1200mV 0C Model Hold 'clk'
Slack : 0.301
TNS   : 0.000

Type  : Fast 1200mV 0C Model Minimum Pulse Width 'clk'
Slack : -3.000
TNS   : -54.474

Type  : Fast 1200mV 0C Model Minimum Pulse Width 'clkdiv:clkdiv1|clk_div'
Slack : -1.000
TNS   : -9.000

------------------------------------------------------------
